kotlin version: 2.4.10
error message: java.lang.OutOfMemoryError: GC overhead limit exceeded
	at org.jetbrains.kotlin.fir.lightTree.converter.AbstractLightTreeRawFirBuilder.toFirSourceElement(AbstractLightTreeRawFirBuilder.kt:188)
	at org.jetbrains.kotlin.fir.lightTree.converter.AbstractLightTreeRawFirBuilder.toFirSourceElement(AbstractLightTreeRawFirBuilder.kt:25)
	at org.jetbrains.kotlin.fir.builder.AbstractRawFirBuilder.toFirSourceElement$default(AbstractRawFirBuilder.kt:66)
	at org.jetbrains.kotlin.fir.lightTree.converter.LightTreeRawFirExpressionBuilder.convertQualifiedExpression(LightTreeRawFirExpressionBuilder.kt:719)
	at org.jetbrains.kotlin.fir.lightTree.converter.LightTreeRawFirExpressionBuilder.getAsFirStatement(LightTreeRawFirExpressionBuilder.kt:128)
	at org.jetbrains.kotlin.fir.lightTree.converter.LightTreeRawFirDeclarationBuilder.convertPropertyDeclaration(LightTreeRawFirDeclarationBuilder.kt:4093)
	at org.jetbrains.kotlin.fir.lightTree.converter.LightTreeRawFirDeclarationBuilder.convertPropertyDeclaration$default(LightTreeRawFirDeclarationBuilder.kt:1417)
	at org.jetbrains.kotlin.fir.lightTree.converter.LightTreeRawFirDeclarationBuilder.convertBlockExpressionWithoutBuilding(LightTreeRawFirDeclarationBuilder.kt:157)
	at org.jetbrains.kotlin.fir.lightTree.converter.LightTreeRawFirDeclarationBuilder.convertBlockExpressionWithoutBuilding$default(LightTreeRawFirDeclarationBuilder.kt:147)
	at org.jetbrains.kotlin.fir.lightTree.converter.LightTreeRawFirDeclarationBuilder.convertBlockExpression(LightTreeRawFirDeclarationBuilder.kt:141)
	at org.jetbrains.kotlin.fir.lightTree.converter.LightTreeRawFirDeclarationBuilder.convertBlock(LightTreeRawFirDeclarationBuilder.kt:2221)
	at org.jetbrains.kotlin.fir.lightTree.converter.LightTreeRawFirDeclarationBuilder.convertBlock$default(LightTreeRawFirDeclarationBuilder.kt:2210)
	at org.jetbrains.kotlin.fir.lightTree.converter.LightTreeRawFirExpressionBuilder.convertTryExpression(LightTreeRawFirExpressionBuilder.kt:1426)
	at org.jetbrains.kotlin.fir.lightTree.converter.LightTreeRawFirExpressionBuilder.getAsFirStatement(LightTreeRawFirExpressionBuilder.kt:137)
	at org.jetbrains.kotlin.fir.lightTree.converter.LightTreeRawFirExpressionBuilder.getAsFirStatement$default(LightTreeRawFirExpressionBuilder.kt:120)
	at org.jetbrains.kotlin.fir.lightTree.converter.LightTreeRawFirDeclarationBuilder.convertBlockExpressionWithoutBuilding(LightTreeRawFirDeclarationBuilder.kt:162)
	at org.jetbrains.kotlin.fir.lightTree.converter.LightTreeRawFirDeclarationBuilder.convertBlockExpressionWithoutBuilding$default(LightTreeRawFirDeclarationBuilder.kt:147)
	at org.jetbrains.kotlin.fir.lightTree.converter.LightTreeRawFirExpressionBuilder.convertLambdaExpression(LightTreeRawFirExpressionBuilder.kt:254)
	at org.jetbrains.kotlin.fir.lightTree.converter.LightTreeRawFirExpressionBuilder.getAsFirStatement(LightTreeRawFirExpressionBuilder.kt:123)
	at org.jetbrains.kotlin.fir.lightTree.converter.LightTreeRawFirExpressionBuilder.convertValueArguments(LightTreeRawFirExpressionBuilder.kt:3595)
	at org.jetbrains.kotlin.fir.lightTree.converter.LightTreeRawFirExpressionBuilder.convertCallExpression(LightTreeRawFirExpressionBuilder.kt:841)
	at org.jetbrains.kotlin.fir.lightTree.converter.LightTreeRawFirExpressionBuilder.getAsFirStatement(LightTreeRawFirExpressionBuilder.kt:129)
	at org.jetbrains.kotlin.fir.lightTree.converter.LightTreeRawFirDeclarationBuilder.convertFunctionBody(LightTreeRawFirDeclarationBuilder.kt:4547)
	at org.jetbrains.kotlin.fir.lightTree.converter.LightTreeRawFirDeclarationBuilder.convertFunctionDeclaration(LightTreeRawFirDeclarationBuilder.kt:2125)
	at org.jetbrains.kotlin.fir.lightTree.converter.LightTreeRawFirDeclarationBuilder.convertBlockExpressionWithoutBuilding(LightTreeRawFirDeclarationBuilder.kt:156)
	at org.jetbrains.kotlin.fir.lightTree.converter.LightTreeRawFirDeclarationBuilder.convertBlockExpressionWithoutBuilding$default(LightTreeRawFirDeclarationBuilder.kt:147)
	at org.jetbrains.kotlin.fir.lightTree.converter.LightTreeRawFirExpressionBuilder.convertLambdaExpression(LightTreeRawFirExpressionBuilder.kt:254)
	at org.jetbrains.kotlin.fir.lightTree.converter.LightTreeRawFirExpressionBuilder.getAsFirStatement(LightTreeRawFirExpressionBuilder.kt:123)
	at org.jetbrains.kotlin.fir.lightTree.converter.LightTreeRawFirExpressionBuilder.convertValueArguments(LightTreeRawFirExpressionBuilder.kt:3595)
	at org.jetbrains.kotlin.fir.lightTree.converter.LightTreeRawFirExpressionBuilder.convertCallExpression(LightTreeRawFirExpressionBuilder.kt:841)
	at org.jetbrains.kotlin.fir.lightTree.converter.LightTreeRawFirExpressionBuilder.getAsFirStatement(LightTreeRawFirExpressionBuilder.kt:129)
	at org.jetbrains.kotlin.fir.lightTree.converter.LightTreeRawFirDeclarationBuilder.convertFunctionBody(LightTreeRawFirDeclarationBuilder.kt:4547)


